
> notes-app@0.1.0 build
> next build

Γû▓ Next.js 16.1.4 (Turbopack)

  Creating an optimized production build ...
node.exe : Error: Cannot apply 
unknown utility class `drop-sha
dow-[0_0_15px_rgba(139,`
At line:1 char:1
+ & "C:\Program 
Files\nodejs/node.exe" 
"C:\Program 
Files\nodejs/node_mo ...
+ ~~~~~~~~~~~~~~~~~~~~~~~~~~~~~
~~~~~~~~~~~~~~~~~~~~~~~~~~~~~~~
~~~~~~~~~
    + CategoryInfo          :  
   NotSpecified: (Error: Cann  
  ot a...15px_rgba(139,`:Str   
 ing) [], RemoteException
    + FullyQualifiedErrorId :  
   NativeCommandError
 
    [2m[at onInvalidCandidate 
(C:\Users\justk\Documents\Code\
Notes-App\node_modules\tailwind
css\dist\lib.js:21:1511)][0m
    [2m[at Te (C:\Users\justk\
Documents\Code\Notes-App\node_m
odules\tailwindcss\dist\lib.js:
16:36326)][0m
    [2m[at C:\Users\justk\Docu
ments\Code\Notes-App\node_modul
es\tailwindcss\dist\lib.js:21:3
55][0m
    [2m[at Rr (C:\Users\justk\
Documents\Code\Notes-App\node_m
odules\tailwindcss\dist\lib.js:
3:1718)][0m
    [2m[at _ (C:\Users\justk\D
ocuments\Code\Notes-App\node_mo
dules\tailwindcss\dist\lib.js:3
:1377)][0m
    [2m[at $e (C:\Users\justk\
Documents\Code\Notes-App\node_m
odules\tailwindcss\dist\lib.js:
21:172)][0m
    [2m[at un (C:\Users\justk\
Documents\Code\Notes-App\node_m
odules\tailwindcss\dist\lib.js:
38:294)][0m
    [2m[at async cn (C:\Users\
justk\Documents\Code\Notes-App\
node_modules\tailwindcss\dist\l
ib.js:38:631)][0m
    [2m[at async Xr (C:\Users\
justk\Documents\Code\Notes-App\
node_modules\@tailwindcss\node\
dist\index.js:10:3417)][0m
    [2m[at async I (C:\Users\j
ustk\Documents\Code\Notes-App\n
ode_modules\@tailwindcss\postcs
s\dist\index.js:10:3977)][0m

> Build error occurred
Error: Turbopack build failed 
with 1 errors:
./src/app/globals.css
Error evaluating Node.js code
CssSyntaxError: tailwindcss: C:
\Users\justk\Documents\Code\Not
es-App\src\app\globals.css:1:1:
 Cannot apply unknown utility 
class `drop-shadow-[0_0_15px_rg
ba(139,`
    at Input.error (node_module
s/postcss/lib/input.js:135:16) 
[C:\Users\justk\Documents\Code\
Notes-App\.next\build\chunks\no
de_modules_fe693df6._.js:4651:2
2]
    at Root.error (node_modules
/postcss/lib/node.js:146:32) [C
:\Users\justk\Documents\Code\No
tes-App\.next\build\chunks\node
_modules_fe693df6._.js:928:38]
    [at Object.Once (C:\Users\j
ustk\Documents\Code\Notes-App\n
ode_modules\@tailwindcss\postcs
s\dist\index.js:10:6911)]
    at async 
LazyResult.runAsync (node_modul
es/postcss/lib/lazy-result.js:2
93:11) [C:\Users\justk\Document
s\Code\Notes-App\.next\build\ch
unks\node_modules_fe693df6._.js
:6206:21]
    at async transform (turbopa
ck:///[turbopack-node]/transfor
ms/postcss.ts:70:34) [C:\Users\
justk\Documents\Code\Notes-App\
.next\build\chunks\[root-of-the
-server]__51225daf._.js:146:36]
    at async run (turbopack:///
[turbopack-node]/ipc/evaluate.t
s:92:23) [C:\Users\justk\Docume
nts\Code\Notes-App\.next\build\
chunks\[root-of-the-server]__97
4941ed._.js:443:31]

Import trace:
  Client Component Browser:
    ./src/app/globals.css 
[Client Component Browser]
    ./src/app/layout.tsx 
[Server Component]


    at async transform (turbopa
ck:///[turbopack-node]/transfor
ms/postcss.ts:70:34) [C:\Users\
justk\Documents\Code\Notes-App\
.next\build\chunks\[root-of-the
-server]__51225daf._.js:146:36]
)
    at async run (turbopack:///
[turbopack-node]/ipc/evaluate.t
s:92:23) [C:\Users\justk\Docume
nts\Code\Notes-App\.next\build\
chunks\[root-of-the-server]__97
4941ed._.js:443:31])
